// Jest Snapshot v1, https://goo.gl/fbAQLP

exports[`homepage — full DOM snapshot (byte-for-byte structure lock) matches the committed snapshot 1`] = `
<div
  id="portfolio-page-container"
>
  <h1
    class="char-effect"
    id="title"
  >
    <span
      class="char"
    >
      p
    </span>
    <span
      class="char"
    >
      o
    </span>
    <span
      class="char"
    >
      r
    </span>
    <span
      class="char"
    >
      t
    </span>
    <span
      class="char"
    >
      f
    </span>
    <span
      class="char"
    >
      o
    </span>
    <span
      class="char"
    >
      l
    </span>
    <span
      class="char"
    >
      i
    </span>
    <span
      class="char"
    >
      o
    </span>
  </h1>
  <div
    class="container"
  >
    <div
      class="project"
    >
      <div
        class="title char-effect"
        id="project1"
      >
        <span
          class="char"
        >
          P
        </span>
        <span
          class="char"
        >
          R
        </span>
        <span
          class="char"
        >
          O
        </span>
        <span
          class="char"
        >
          J
        </span>
        <span
          class="char"
        >
          E
        </span>
        <span
          class="char"
        >
          C
        </span>
        <span
          class="char"
        >
          T
        </span>
         
        <span
          class="char"
        >
          1
        </span>
      </div>
      <div
        class="description"
      >
        <div
          class="project-description-text"
        >
          <span
            class="char"
          >
            m
          </span>
          <span
            class="char"
          >
            a
          </span>
          <span
            class="char"
          >
            k
          </span>
          <span
            class="char"
          >
            i
          </span>
          <span
            class="char"
          >
            n
          </span>
          <span
            class="char"
          >
            g
          </span>
           
          <span
            class="char"
          >
            e
          </span>
          <span
            class="char"
          >
            a
          </span>
          <span
            class="char"
          >
            r
          </span>
          <span
            class="char"
          >
            l
          </span>
          <span
            class="char"
          >
            y
          </span>
          <span
            class="char"
          >
            -
          </span>
          <span
            class="char"
          >
            s
          </span>
          <span
            class="char"
          >
            t
          </span>
          <span
            class="char"
          >
            a
          </span>
          <span
            class="char"
          >
            g
          </span>
          <span
            class="char"
          >
            e
          </span>
           
          <span
            class="char"
          >
            h
          </span>
          <span
            class="char"
          >
            i
          </span>
          <span
            class="char"
          >
            r
          </span>
          <span
            class="char"
          >
            i
          </span>
          <span
            class="char"
          >
            n
          </span>
          <span
            class="char"
          >
            g
          </span>
           
          <span
            class="char"
          >
            m
          </span>
          <span
            class="char"
          >
            o
          </span>
          <span
            class="char"
          >
            r
          </span>
          <span
            class="char"
          >
            e
          </span>
           
          <span
            class="char"
          >
            f
          </span>
          <span
            class="char"
          >
            a
          </span>
          <span
            class="char"
          >
            i
          </span>
          <span
            class="char"
          >
            r
          </span>
           
          <a
            class="char-effect"
            href="https://kasii.tech"
            rel="noopener noreferrer"
            target="_blank"
          >
            <span
              class="char"
            >
              (
            </span>
            <span
              class="char"
            >
              k
            </span>
            <span
              class="char"
            >
              a
            </span>
            <span
              class="char"
            >
              s
            </span>
            <span
              class="char"
            >
              i
            </span>
            <span
              class="char"
            >
              i
            </span>
            <span
              class="char"
            >
              .
            </span>
            <span
              class="char"
            >
              t
            </span>
            <span
              class="char"
            >
              e
            </span>
            <span
              class="char"
            >
              c
            </span>
            <span
              class="char"
            >
              h
            </span>
            <span
              class="char"
            >
              )
            </span>
          </a>
        </div>
      </div>
    </div>
    <div
      class="project"
    >
      <div
        class="title char-effect"
        id="project2"
      >
        <span
          class="char"
        >
          P
        </span>
        <span
          class="char"
        >
          R
        </span>
        <span
          class="char"
        >
          O
        </span>
        <span
          class="char"
        >
          J
        </span>
        <span
          class="char"
        >
          E
        </span>
        <span
          class="char"
        >
          C
        </span>
        <span
          class="char"
        >
          T
        </span>
         
        <span
          class="char"
        >
          2
        </span>
      </div>
      <div
        class="description"
      >
        <div
          class="project-description-text"
        >
          <span
            class="char"
          >
            p
          </span>
          <span
            class="char"
          >
            r
          </span>
          <span
            class="char"
          >
            o
          </span>
          <span
            class="char"
          >
            d
          </span>
          <span
            class="char"
          >
            u
          </span>
          <span
            class="char"
          >
            c
          </span>
          <span
            class="char"
          >
            i
          </span>
          <span
            class="char"
          >
            n
          </span>
          <span
            class="char"
          >
            g
          </span>
           
          <span
            class="char"
          >
            h
          </span>
          <span
            class="char"
          >
            o
          </span>
          <span
            class="char"
          >
            u
          </span>
          <span
            class="char"
          >
            s
          </span>
          <span
            class="char"
          >
            e
          </span>
           
          <span
            class="char"
          >
            m
          </span>
          <span
            class="char"
          >
            u
          </span>
          <span
            class="char"
          >
            s
          </span>
          <span
            class="char"
          >
            i
          </span>
          <span
            class="char"
          >
            c
          </span>
           
          <span
            class="char"
          >
            w
          </span>
          <span
            class="char"
          >
            h
          </span>
          <span
            class="char"
          >
            e
          </span>
          <span
            class="char"
          >
            n
          </span>
           
          <span
            class="char"
          >
            i
          </span>
           
          <span
            class="char"
          >
            h
          </span>
          <span
            class="char"
          >
            a
          </span>
          <span
            class="char"
          >
            v
          </span>
          <span
            class="char"
          >
            e
          </span>
           
          <span
            class="char"
          >
            a
          </span>
           
          <span
            class="char"
          >
            m
          </span>
          <span
            class="char"
          >
            i
          </span>
          <span
            class="char"
          >
            n
          </span>
          <span
            class="char"
          >
            u
          </span>
          <span
            class="char"
          >
            t
          </span>
          <span
            class="char"
          >
            e
          </span>
           
          <a
            class="char-effect"
            href="/music"
          >
            <span
              class="char"
            >
              (
            </span>
            <span
              class="char"
            >
              m
            </span>
            <span
              class="char"
            >
              u
            </span>
            <span
              class="char"
            >
              s
            </span>
            <span
              class="char"
            >
              i
            </span>
            <span
              class="char"
            >
              c
            </span>
             
            <span
              class="char"
            >
              s
            </span>
            <span
              class="char"
            >
              i
            </span>
            <span
              class="char"
            >
              t
            </span>
            <span
              class="char"
            >
              e
            </span>
            <span
              class="char"
            >
              )
            </span>
          </a>
        </div>
      </div>
    </div>
    <div
      class="project"
    >
      <div
        class="title char-effect"
        id="project3"
      >
        <span
          class="char"
        >
          P
        </span>
        <span
          class="char"
        >
          R
        </span>
        <span
          class="char"
        >
          O
        </span>
        <span
          class="char"
        >
          J
        </span>
        <span
          class="char"
        >
          E
        </span>
        <span
          class="char"
        >
          C
        </span>
        <span
          class="char"
        >
          T
        </span>
         
        <span
          class="char"
        >
          3
        </span>
      </div>
      <div
        class="description"
      >
        <div
          class="project-description-text"
        >
          <span
            class="char"
          >
            a
          </span>
          <span
            class="char"
          >
            u
          </span>
          <span
            class="char"
          >
            t
          </span>
          <span
            class="char"
          >
            o
          </span>
          <span
            class="char"
          >
            m
          </span>
          <span
            class="char"
          >
            a
          </span>
          <span
            class="char"
          >
            t
          </span>
          <span
            class="char"
          >
            i
          </span>
          <span
            class="char"
          >
            n
          </span>
          <span
            class="char"
          >
            g
          </span>
           
          <span
            class="char"
          >
            l
          </span>
          <span
            class="char"
          >
            a
          </span>
          <span
            class="char"
          >
            b
          </span>
          <span
            class="char"
          >
            e
          </span>
          <span
            class="char"
          >
            l
          </span>
           
          <span
            class="char"
          >
            o
          </span>
          <span
            class="char"
          >
            u
          </span>
          <span
            class="char"
          >
            t
          </span>
          <span
            class="char"
          >
            r
          </span>
          <span
            class="char"
          >
            e
          </span>
          <span
            class="char"
          >
            a
          </span>
          <span
            class="char"
          >
            c
          </span>
          <span
            class="char"
          >
            h
          </span>
           
          <span
            class="char"
          >
            f
          </span>
          <span
            class="char"
          >
            o
          </span>
          <span
            class="char"
          >
            r
          </span>
           
          <span
            class="char"
          >
            s
          </span>
          <span
            class="char"
          >
            m
          </span>
          <span
            class="char"
          >
            a
          </span>
          <span
            class="char"
          >
            l
          </span>
          <span
            class="char"
          >
            l
          </span>
           
          <span
            class="char"
          >
            a
          </span>
          <span
            class="char"
          >
            r
          </span>
          <span
            class="char"
          >
            t
          </span>
          <span
            class="char"
          >
            i
          </span>
          <span
            class="char"
          >
            s
          </span>
          <span
            class="char"
          >
            t
          </span>
          <span
            class="char"
          >
            s
          </span>
           
          <a
            class="char-effect"
            href="https://trackpitch.io"
            rel="noopener noreferrer"
            target="_blank"
          >
            <span
              class="char"
            >
              (
            </span>
            <span
              class="char"
            >
              t
            </span>
            <span
              class="char"
            >
              r
            </span>
            <span
              class="char"
            >
              a
            </span>
            <span
              class="char"
            >
              c
            </span>
            <span
              class="char"
            >
              k
            </span>
            <span
              class="char"
            >
              p
            </span>
            <span
              class="char"
            >
              i
            </span>
            <span
              class="char"
            >
              t
            </span>
            <span
              class="char"
            >
              c
            </span>
            <span
              class="char"
            >
              h
            </span>
            <span
              class="char"
            >
              .
            </span>
            <span
              class="char"
            >
              i
            </span>
            <span
              class="char"
            >
              o
            </span>
            <span
              class="char"
            >
              )
            </span>
          </a>
        </div>
      </div>
    </div>
    <div
      class="project"
    >
      <div
        class="title char-effect"
        id="project4"
      >
        <span
          class="char"
        >
          P
        </span>
        <span
          class="char"
        >
          R
        </span>
        <span
          class="char"
        >
          O
        </span>
        <span
          class="char"
        >
          J
        </span>
        <span
          class="char"
        >
          E
        </span>
        <span
          class="char"
        >
          C
        </span>
        <span
          class="char"
        >
          T
        </span>
         
        <span
          class="char"
        >
          4
        </span>
      </div>
      <div
        class="description"
      >
        <div
          class="project-description-text"
        >
          <span
            class="char"
          >
            m
          </span>
          <span
            class="char"
          >
            a
          </span>
          <span
            class="char"
          >
            r
          </span>
          <span
            class="char"
          >
            k
          </span>
          <span
            class="char"
          >
            e
          </span>
          <span
            class="char"
          >
            t
          </span>
           
          <span
            class="char"
          >
            m
          </span>
          <span
            class="char"
          >
            a
          </span>
          <span
            class="char"
          >
            k
          </span>
          <span
            class="char"
          >
            i
          </span>
          <span
            class="char"
          >
            n
          </span>
          <span
            class="char"
          >
            g
          </span>
           
          <span
            class="char"
          >
            f
          </span>
          <span
            class="char"
          >
            o
          </span>
          <span
            class="char"
          >
            r
          </span>
           
          <span
            class="char"
          >
            e
          </span>
          <span
            class="char"
          >
            a
          </span>
          <span
            class="char"
          >
            r
          </span>
          <span
            class="char"
          >
            l
          </span>
          <span
            class="char"
          >
            y
          </span>
           
          <span
            class="char"
          >
            s
          </span>
          <span
            class="char"
          >
            t
          </span>
          <span
            class="char"
          >
            a
          </span>
          <span
            class="char"
          >
            g
          </span>
          <span
            class="char"
          >
            e
          </span>
           
          <span
            class="char"
          >
            s
          </span>
          <span
            class="char"
          >
            p
          </span>
          <span
            class="char"
          >
            o
          </span>
          <span
            class="char"
          >
            r
          </span>
          <span
            class="char"
          >
            t
          </span>
          <span
            class="char"
          >
            s
          </span>
           
          <span
            class="char"
          >
            e
          </span>
          <span
            class="char"
          >
            n
          </span>
          <span
            class="char"
          >
            t
          </span>
          <span
            class="char"
          >
            e
          </span>
          <span
            class="char"
          >
            r
          </span>
          <span
            class="char"
          >
            t
          </span>
          <span
            class="char"
          >
            a
          </span>
          <span
            class="char"
          >
            i
          </span>
          <span
            class="char"
          >
            n
          </span>
          <span
            class="char"
          >
            m
          </span>
          <span
            class="char"
          >
            e
          </span>
          <span
            class="char"
          >
            n
          </span>
          <span
            class="char"
          >
            t
          </span>
           
          <span
            class="char"
          >
            c
          </span>
          <span
            class="char"
          >
            o
          </span>
          <span
            class="char"
          >
            m
          </span>
          <span
            class="char"
          >
            p
          </span>
          <span
            class="char"
          >
            a
          </span>
          <span
            class="char"
          >
            n
          </span>
          <span
            class="char"
          >
            i
          </span>
          <span
            class="char"
          >
            e
          </span>
          <span
            class="char"
          >
            s
          </span>
           
          <a
            class="char-effect"
            href="mailto:samclement@berkeley.edu"
          >
            <span
              class="char"
            >
              (
            </span>
            <span
              class="char"
            >
              s
            </span>
            <span
              class="char"
            >
              a
            </span>
            <span
              class="char"
            >
              m
            </span>
            <span
              class="char"
            >
              c
            </span>
            <span
              class="char"
            >
              l
            </span>
            <span
              class="char"
            >
              e
            </span>
            <span
              class="char"
            >
              m
            </span>
            <span
              class="char"
            >
              e
            </span>
            <span
              class="char"
            >
              n
            </span>
            <span
              class="char"
            >
              t
            </span>
            <span
              class="char"
            >
              @
            </span>
            <span
              class="char"
            >
              b
            </span>
            <span
              class="char"
            >
              e
            </span>
            <span
              class="char"
            >
              r
            </span>
            <span
              class="char"
            >
              k
            </span>
            <span
              class="char"
            >
              e
            </span>
            <span
              class="char"
            >
              l
            </span>
            <span
              class="char"
            >
              e
            </span>
            <span
              class="char"
            >
              y
            </span>
            <span
              class="char"
            >
              .
            </span>
            <span
              class="char"
            >
              e
            </span>
            <span
              class="char"
            >
              d
            </span>
            <span
              class="char"
            >
              u
            </span>
            <span
              class="char"
            >
              )
            </span>
          </a>
        </div>
      </div>
    </div>
  </div>
  <div
    class="container"
  >
    <div
      class="title char-effect"
      id="contact"
    >
      <span
        class="char"
      >
        B
      </span>
      <span
        class="char"
      >
        U
      </span>
      <span
        class="char"
      >
        Y
      </span>
       
      <span
        class="char"
      >
        M
      </span>
      <span
        class="char"
      >
        E
      </span>
       
      <span
        class="char"
      >
        A
      </span>
      <span
        class="char"
      >
        N
      </span>
       
      <span
        class="char"
      >
        A
      </span>
      <span
        class="char"
      >
        M
      </span>
      <span
        class="char"
      >
        E
      </span>
      <span
        class="char"
      >
        R
      </span>
      <span
        class="char"
      >
        I
      </span>
      <span
        class="char"
      >
        C
      </span>
      <span
        class="char"
      >
        A
      </span>
      <span
        class="char"
      >
        N
      </span>
      <span
        class="char"
      >
        O
      </span>
      <span
        class="char"
      >
        ?
      </span>
    </div>
    <div
      class="description"
    >
      <a
        class="char-effect"
        href="mailto:samclement@berkeley.edu"
        id="email"
      >
        <span
          class="char"
        >
          s
        </span>
        <span
          class="char"
        >
          a
        </span>
        <span
          class="char"
        >
          m
        </span>
        <span
          class="char"
        >
          c
        </span>
        <span
          class="char"
        >
          l
        </span>
        <span
          class="char"
        >
          e
        </span>
        <span
          class="char"
        >
          m
        </span>
        <span
          class="char"
        >
          e
        </span>
        <span
          class="char"
        >
          n
        </span>
        <span
          class="char"
        >
          t
        </span>
        <span
          class="char"
        >
          @
        </span>
        <span
          class="char"
        >
          b
        </span>
        <span
          class="char"
        >
          e
        </span>
        <span
          class="char"
        >
          r
        </span>
        <span
          class="char"
        >
          k
        </span>
        <span
          class="char"
        >
          e
        </span>
        <span
          class="char"
        >
          l
        </span>
        <span
          class="char"
        >
          e
        </span>
        <span
          class="char"
        >
          y
        </span>
        <span
          class="char"
        >
          .
        </span>
        <span
          class="char"
        >
          e
        </span>
        <span
          class="char"
        >
          d
        </span>
        <span
          class="char"
        >
          u
        </span>
      </a>
       
      <span
        class="char"
      >
        |
      </span>
       
      <a
        class="char-effect"
        href="https://github.com/theSamClement"
        id="github"
      >
         
        <span
          class="char"
        >
          G
        </span>
        <span
          class="char"
        >
          i
        </span>
        <span
          class="char"
        >
          t
        </span>
        <span
          class="char"
        >
          H
        </span>
        <span
          class="char"
        >
          u
        </span>
        <span
          class="char"
        >
          b
        </span>
      </a>
       
      <span
        class="char"
      >
        |
      </span>
       
      <a
        class="char-effect"
        href="https://www.linkedin.com/in/samcclement/"
        id="linkedin"
      >
        <span
          class="char"
        >
          L
        </span>
        <span
          class="char"
        >
          i
        </span>
        <span
          class="char"
        >
          n
        </span>
        <span
          class="char"
        >
          k
        </span>
        <span
          class="char"
        >
          e
        </span>
        <span
          class="char"
        >
          d
        </span>
        <span
          class="char"
        >
          I
        </span>
        <span
          class="char"
        >
          n
        </span>
      </a>
    </div>
  </div>
</div>
`;
